nohup: ignoring input
Train augmentations: None
Training on device: cuda
Model will be saved to: /mnt/cv_data/users/mengxu/Longitudinal_Mammogram_Alignment/output_models/risk_prediction_no_alignment/model_risk_prediction_training_id_embed_balanced_split_no_alignment_last_epoch.pth
Log will be saved to: /mnt/cv_data/users/mengxu/Longitudinal_Mammogram_Alignment/output_models/risk_prediction_no_alignment/train_risk_prediction_training_id_embed_balanced_split_no_alignment.log
[INFO] Training the network...
Scheduler Initialized: <torch.optim.lr_scheduler.ReduceLROnPlateau object at 0x750e3079d010>
Epochs:   0%|          | 0/100 [00:00<?, ?it/s][INFO] Epoch: 0
/home/mengxu/miniconda3/lib/python3.13/site-packages/torch/nn/_reduction.py:60: UserWarning: size_average and reduce args will be deprecated, please use reduction='sum' instead.
  return get_enum(legacy_get_string(size_average, reduce, emit_warning))
[Epoch 0] Total Loss: 0.3623 | Alignment Loss: 0.0000 | Risk Loss: 0.3623
/home/mengxu/miniconda3/lib/python3.13/site-packages/torch/nn/_reduction.py:60: UserWarning: size_average and reduce args will be deprecated, please use reduction='sum' instead.
  return get_enum(legacy_get_string(size_average, reduce, emit_warning))
Epochs:   1%|          | 1/100 [14:10<23:23:51, 850.83s/it]Year 1: AUC = 0.7566
Year 2: AUC = 0.7412
Year 3: AUC = 0.7405
Year 4: AUC = 0.7401
Year 5: AUC = 0.7021
Epoch 0 - Val Alignment Loss: 0.0000, Risk Loss: 0.3310, C-index: 0.7450
[INFO] Epoch: 1
/home/mengxu/miniconda3/lib/python3.13/site-packages/torch/nn/_reduction.py:60: UserWarning: size_average and reduce args will be deprecated, please use reduction='sum' instead.
  return get_enum(legacy_get_string(size_average, reduce, emit_warning))
[Epoch 1] Total Loss: 0.3206 | Alignment Loss: 0.0000 | Risk Loss: 0.3206
/home/mengxu/miniconda3/lib/python3.13/site-packages/torch/nn/_reduction.py:60: UserWarning: size_average and reduce args will be deprecated, please use reduction='sum' instead.
  return get_enum(legacy_get_string(size_average, reduce, emit_warning))
Epochs:   2%|▏         | 2/100 [28:11<22:59:59, 844.89s/it]Year 1: AUC = 0.7030
Year 2: AUC = 0.6991
Year 3: AUC = 0.6993
Year 4: AUC = 0.6935
Year 5: AUC = 0.6893
Epoch 1 - Val Alignment Loss: 0.0000, Risk Loss: 0.3466, C-index: 0.6945
[INFO] Epoch: 2
/home/mengxu/miniconda3/lib/python3.13/site-packages/torch/nn/_reduction.py:60: UserWarning: size_average and reduce args will be deprecated, please use reduction='sum' instead.
  return get_enum(legacy_get_string(size_average, reduce, emit_warning))
[Epoch 2] Total Loss: 0.2948 | Alignment Loss: 0.0000 | Risk Loss: 0.2948
/home/mengxu/miniconda3/lib/python3.13/site-packages/torch/nn/_reduction.py:60: UserWarning: size_average and reduce args will be deprecated, please use reduction='sum' instead.
  return get_enum(legacy_get_string(size_average, reduce, emit_warning))
Epochs:   3%|▎         | 3/100 [42:09<22:40:55, 841.81s/it]Year 1: AUC = 0.7208
Year 2: AUC = 0.7133
Year 3: AUC = 0.7176
Year 4: AUC = 0.7194
Year 5: AUC = 0.7189
Epoch 2 - Val Alignment Loss: 0.0000, Risk Loss: 0.3401, C-index: 0.7145
[INFO] Epoch: 3
/home/mengxu/miniconda3/lib/python3.13/site-packages/torch/nn/_reduction.py:60: UserWarning: size_average and reduce args will be deprecated, please use reduction='sum' instead.
  return get_enum(legacy_get_string(size_average, reduce, emit_warning))
[Epoch 3] Total Loss: 0.2490 | Alignment Loss: 0.0000 | Risk Loss: 0.2490
/home/mengxu/miniconda3/lib/python3.13/site-packages/torch/nn/_reduction.py:60: UserWarning: size_average and reduce args will be deprecated, please use reduction='sum' instead.
  return get_enum(legacy_get_string(size_average, reduce, emit_warning))
Epochs:   4%|▍         | 4/100 [56:06<22:23:59, 839.99s/it]Year 1: AUC = 0.6621
Year 2: AUC = 0.6733
Year 3: AUC = 0.6928
Year 4: AUC = 0.6963
Year 5: AUC = 0.6911
Epoch 3 - Val Alignment Loss: 0.0000, Risk Loss: 0.3961, C-index: 0.6669
[INFO] Epoch: 4
/home/mengxu/miniconda3/lib/python3.13/site-packages/torch/nn/_reduction.py:60: UserWarning: size_average and reduce args will be deprecated, please use reduction='sum' instead.
  return get_enum(legacy_get_string(size_average, reduce, emit_warning))
[Epoch 4] Total Loss: 0.1890 | Alignment Loss: 0.0000 | Risk Loss: 0.1890
/home/mengxu/miniconda3/lib/python3.13/site-packages/torch/nn/_reduction.py:60: UserWarning: size_average and reduce args will be deprecated, please use reduction='sum' instead.
  return get_enum(legacy_get_string(size_average, reduce, emit_warning))
Epochs:   5%|▌         | 5/100 [1:10:05<22:08:59, 839.36s/it]Year 1: AUC = 0.7070
Year 2: AUC = 0.6941
Year 3: AUC = 0.6948
Year 4: AUC = 0.6875
Year 5: AUC = 0.6934
Epoch 4 - Val Alignment Loss: 0.0000, Risk Loss: 0.4231, C-index: 0.6960
[INFO] Epoch: 5
/home/mengxu/miniconda3/lib/python3.13/site-packages/torch/nn/_reduction.py:60: UserWarning: size_average and reduce args will be deprecated, please use reduction='sum' instead.
  return get_enum(legacy_get_string(size_average, reduce, emit_warning))
[Epoch 5] Total Loss: 0.1453 | Alignment Loss: 0.0000 | Risk Loss: 0.1453
/home/mengxu/miniconda3/lib/python3.13/site-packages/torch/nn/_reduction.py:60: UserWarning: size_average and reduce args will be deprecated, please use reduction='sum' instead.
  return get_enum(legacy_get_string(size_average, reduce, emit_warning))
Epochs:   6%|▌         | 6/100 [1:24:00<21:53:06, 838.16s/it]Year 1: AUC = 0.6934
Year 2: AUC = 0.6952
Year 3: AUC = 0.7018
Year 4: AUC = 0.7023
Year 5: AUC = 0.7344
Epoch 5 - Val Alignment Loss: 0.0000, Risk Loss: 0.3970, C-index: 0.6935
[INFO] Epoch: 6
/home/mengxu/miniconda3/lib/python3.13/site-packages/torch/nn/_reduction.py:60: UserWarning: size_average and reduce args will be deprecated, please use reduction='sum' instead.
  return get_enum(legacy_get_string(size_average, reduce, emit_warning))
[Epoch 6] Total Loss: 0.1246 | Alignment Loss: 0.0000 | Risk Loss: 0.1246
/home/mengxu/miniconda3/lib/python3.13/site-packages/torch/nn/_reduction.py:60: UserWarning: size_average and reduce args will be deprecated, please use reduction='sum' instead.
  return get_enum(legacy_get_string(size_average, reduce, emit_warning))
Epochs:   7%|▋         | 7/100 [1:37:56<21:37:53, 837.35s/it]Year 1: AUC = 0.7127
Year 2: AUC = 0.7039
Year 3: AUC = 0.7071
Year 4: AUC = 0.7035
Year 5: AUC = 0.6865
Epoch 6 - Val Alignment Loss: 0.0000, Risk Loss: 0.4372, C-index: 0.7052
[INFO] Epoch: 7
/home/mengxu/miniconda3/lib/python3.13/site-packages/torch/nn/_reduction.py:60: UserWarning: size_average and reduce args will be deprecated, please use reduction='sum' instead.
  return get_enum(legacy_get_string(size_average, reduce, emit_warning))
[Epoch 7] Total Loss: 0.0967 | Alignment Loss: 0.0000 | Risk Loss: 0.0967
/home/mengxu/miniconda3/lib/python3.13/site-packages/torch/nn/_reduction.py:60: UserWarning: size_average and reduce args will be deprecated, please use reduction='sum' instead.
  return get_enum(legacy_get_string(size_average, reduce, emit_warning))
Epochs:   8%|▊         | 8/100 [1:51:53<21:23:30, 837.07s/it]Year 1: AUC = 0.7173
Year 2: AUC = 0.7145
Year 3: AUC = 0.7180
Year 4: AUC = 0.7167
Year 5: AUC = 0.7097
Epoch 7 - Val Alignment Loss: 0.0000, Risk Loss: 0.4659, C-index: 0.7117
[INFO] Epoch: 8
/home/mengxu/miniconda3/lib/python3.13/site-packages/torch/nn/_reduction.py:60: UserWarning: size_average and reduce args will be deprecated, please use reduction='sum' instead.
  return get_enum(legacy_get_string(size_average, reduce, emit_warning))
[Epoch 8] Total Loss: 0.0847 | Alignment Loss: 0.0000 | Risk Loss: 0.0847
/home/mengxu/miniconda3/lib/python3.13/site-packages/torch/nn/_reduction.py:60: UserWarning: size_average and reduce args will be deprecated, please use reduction='sum' instead.
  return get_enum(legacy_get_string(size_average, reduce, emit_warning))
Epochs:   9%|▉         | 9/100 [2:05:49<21:09:18, 836.91s/it]Year 1: AUC = 0.7208
Year 2: AUC = 0.7074
Year 3: AUC = 0.7063
Year 4: AUC = 0.7053
Year 5: AUC = 0.6996
Epoch 8 - Val Alignment Loss: 0.0000, Risk Loss: 0.5045, C-index: 0.7105
[INFO] Epoch: 9
/home/mengxu/miniconda3/lib/python3.13/site-packages/torch/nn/_reduction.py:60: UserWarning: size_average and reduce args will be deprecated, please use reduction='sum' instead.
  return get_enum(legacy_get_string(size_average, reduce, emit_warning))
[Epoch 9] Total Loss: 0.0804 | Alignment Loss: 0.0000 | Risk Loss: 0.0804
/home/mengxu/miniconda3/lib/python3.13/site-packages/torch/nn/_reduction.py:60: UserWarning: size_average and reduce args will be deprecated, please use reduction='sum' instead.
  return get_enum(legacy_get_string(size_average, reduce, emit_warning))
Epochs:  10%|█         | 10/100 [2:19:43<20:53:51, 835.91s/it]Year 1: AUC = 0.7263
Year 2: AUC = 0.7194
Year 3: AUC = 0.7219
Year 4: AUC = 0.7205
Year 5: AUC = 0.7369
Epoch 9 - Val Alignment Loss: 0.0000, Risk Loss: 0.4910, C-index: 0.7201
[INFO] Epoch: 10
/home/mengxu/miniconda3/lib/python3.13/site-packages/torch/nn/_reduction.py:60: UserWarning: size_average and reduce args will be deprecated, please use reduction='sum' instead.
  return get_enum(legacy_get_string(size_average, reduce, emit_warning))
[Epoch 10] Total Loss: 0.0761 | Alignment Loss: 0.0000 | Risk Loss: 0.0761
/home/mengxu/miniconda3/lib/python3.13/site-packages/torch/nn/_reduction.py:60: UserWarning: size_average and reduce args will be deprecated, please use reduction='sum' instead.
  return get_enum(legacy_get_string(size_average, reduce, emit_warning))
Epochs:  11%|█         | 11/100 [2:33:39<20:39:56, 835.92s/it]Year 1: AUC = 0.7224
Year 2: AUC = 0.7074
Year 3: AUC = 0.7106
Year 4: AUC = 0.7131
Year 5: AUC = 0.7362
Epoch 10 - Val Alignment Loss: 0.0000, Risk Loss: 0.5160, C-index: 0.7150
[INFO] Epoch: 11
/home/mengxu/miniconda3/lib/python3.13/site-packages/torch/nn/_reduction.py:60: UserWarning: size_average and reduce args will be deprecated, please use reduction='sum' instead.
  return get_enum(legacy_get_string(size_average, reduce, emit_warning))
[Epoch 11] Total Loss: 0.0705 | Alignment Loss: 0.0000 | Risk Loss: 0.0705
/home/mengxu/miniconda3/lib/python3.13/site-packages/torch/nn/_reduction.py:60: UserWarning: size_average and reduce args will be deprecated, please use reduction='sum' instead.
  return get_enum(legacy_get_string(size_average, reduce, emit_warning))
Epochs:  12%|█▏        | 12/100 [2:47:35<20:26:21, 836.15s/it]Year 1: AUC = 0.7082
Year 2: AUC = 0.7062
Year 3: AUC = 0.7145
Year 4: AUC = 0.7158
Year 5: AUC = 0.7228
Epoch 11 - Val Alignment Loss: 0.0000, Risk Loss: 0.5560, C-index: 0.7064
[INFO] Epoch: 12
/home/mengxu/miniconda3/lib/python3.13/site-packages/torch/nn/_reduction.py:60: UserWarning: size_average and reduce args will be deprecated, please use reduction='sum' instead.
  return get_enum(legacy_get_string(size_average, reduce, emit_warning))
[Epoch 12] Total Loss: 0.0644 | Alignment Loss: 0.0000 | Risk Loss: 0.0644
/home/mengxu/miniconda3/lib/python3.13/site-packages/torch/nn/_reduction.py:60: UserWarning: size_average and reduce args will be deprecated, please use reduction='sum' instead.
  return get_enum(legacy_get_string(size_average, reduce, emit_warning))
Epochs:  13%|█▎        | 13/100 [3:01:32<20:12:33, 836.25s/it]Year 1: AUC = 0.7124
Year 2: AUC = 0.7004
Year 3: AUC = 0.7068
Year 4: AUC = 0.7102
Year 5: AUC = 0.7269
Epoch 12 - Val Alignment Loss: 0.0000, Risk Loss: 0.5950, C-index: 0.7056
[INFO] Epoch: 13
/home/mengxu/miniconda3/lib/python3.13/site-packages/torch/nn/_reduction.py:60: UserWarning: size_average and reduce args will be deprecated, please use reduction='sum' instead.
  return get_enum(legacy_get_string(size_average, reduce, emit_warning))
[Epoch 13] Total Loss: 0.0577 | Alignment Loss: 0.0000 | Risk Loss: 0.0577
/home/mengxu/miniconda3/lib/python3.13/site-packages/torch/nn/_reduction.py:60: UserWarning: size_average and reduce args will be deprecated, please use reduction='sum' instead.
  return get_enum(legacy_get_string(size_average, reduce, emit_warning))
Epochs:  14%|█▍        | 14/100 [3:15:28<19:58:36, 836.23s/it]Year 1: AUC = 0.7230
Year 2: AUC = 0.7178
Year 3: AUC = 0.7227
Year 4: AUC = 0.7212
Year 5: AUC = 0.7363
Epoch 13 - Val Alignment Loss: 0.0000, Risk Loss: 0.5662, C-index: 0.7184
[INFO] Epoch: 14
/home/mengxu/miniconda3/lib/python3.13/site-packages/torch/nn/_reduction.py:60: UserWarning: size_average and reduce args will be deprecated, please use reduction='sum' instead.
  return get_enum(legacy_get_string(size_average, reduce, emit_warning))
[Epoch 14] Total Loss: 0.0472 | Alignment Loss: 0.0000 | Risk Loss: 0.0472
/home/mengxu/miniconda3/lib/python3.13/site-packages/torch/nn/_reduction.py:60: UserWarning: size_average and reduce args will be deprecated, please use reduction='sum' instead.
  return get_enum(legacy_get_string(size_average, reduce, emit_warning))
Epochs:  15%|█▌        | 15/100 [3:29:23<19:44:12, 835.91s/it]Year 1: AUC = 0.7240
Year 2: AUC = 0.7219
Year 3: AUC = 0.7280
Year 4: AUC = 0.7309
Year 5: AUC = 0.7432
Epoch 14 - Val Alignment Loss: 0.0000, Risk Loss: 0.6400, C-index: 0.7197
[INFO] Epoch: 15
/home/mengxu/miniconda3/lib/python3.13/site-packages/torch/nn/_reduction.py:60: UserWarning: size_average and reduce args will be deprecated, please use reduction='sum' instead.
  return get_enum(legacy_get_string(size_average, reduce, emit_warning))
[Epoch 15] Total Loss: 0.0470 | Alignment Loss: 0.0000 | Risk Loss: 0.0470
/home/mengxu/miniconda3/lib/python3.13/site-packages/torch/nn/_reduction.py:60: UserWarning: size_average and reduce args will be deprecated, please use reduction='sum' instead.
  return get_enum(legacy_get_string(size_average, reduce, emit_warning))
Epochs:  15%|█▌        | 15/100 [3:43:20<21:05:36, 893.37s/it]
Year 1: AUC = 0.7243
Year 2: AUC = 0.7150
Year 3: AUC = 0.7202
Year 4: AUC = 0.7176
Year 5: AUC = 0.7142
Early stopping triggered.
[INFO] Total time taken to train the model: 13401.01s
[INFO] Saving final model ...
